{
  "text": {
    "runs": 6,
    "token_count_method": "unicode_heuristic",
    "avg_messages": 13.0,
    "std_messages": 0.0,
    "avg_chars": 12615.833,
    "std_chars": 978.027,
    "avg_approx_tokens": 2983.333,
    "std_approx_tokens": 224.221,
    "min_approx_tokens": 2725.0,
    "max_approx_tokens": 3367.0,
    "avg_elapsed_ms": 29009.502,
    "std_elapsed_ms": 1106.994,
    "min_elapsed_ms": 27544.904,
    "max_elapsed_ms": 30662.458,
    "avg_memory_hits": 2.333,
    "std_memory_hits": 1.106,
    "avg_memory_graph_hits": 2.333,
    "std_memory_graph_hits": 1.106,
    "avg_non_text_transfers": 3.667,
    "std_non_text_transfers": 0.745,
    "avg_non_text_transfer_size": 19606.667,
    "avg_protocol_events": 0.0,
    "avg_protocol_chars": 0.0,
    "avg_protocol_approx_tokens": 0.0,
    "avg_dynamic_codeact": 0.0,
    "avg_fallback_codeact": 1.0
  },
  "structured": {
    "runs": 6,
    "token_count_method": "unicode_heuristic",
    "avg_messages": 29.333,
    "std_messages": 8.3,
    "avg_chars": 17769.667,
    "std_chars": 5425.459,
    "avg_approx_tokens": 5113.833,
    "std_approx_tokens": 1536.1,
    "min_approx_tokens": 2053.0,
    "max_approx_tokens": 6339.0,
    "avg_elapsed_ms": 68239.086,
    "std_elapsed_ms": 20265.287,
    "min_elapsed_ms": 28660.933,
    "max_elapsed_ms": 83721.441,
    "avg_memory_hits": 7.0,
    "std_memory_hits": 2.828,
    "avg_memory_graph_hits": 7.0,
    "std_memory_graph_hits": 2.828,
    "avg_non_text_transfers": 10.0,
    "std_non_text_transfers": 3.055,
    "avg_non_text_transfer_size": 50369.333,
    "avg_protocol_events": 1.667,
    "avg_protocol_chars": 640.333,
    "avg_protocol_approx_tokens": 210.833,
    "avg_dynamic_codeact": 0.0,
    "avg_fallback_codeact": 2.5
  },
  "structured_token_delta_pct": 71.41
}

Demo JSON written to reports/demo_results.json
Demo report written to reports/demo_report.txt
