Mon Jun 29 01:29:29 PM CST 2026
{
  "vs_text": {
    "text_baseline": {
      "token_delta_vs_text_pct": 0.0,
      "total_token_delta_vs_text_pct": 0.0,
      "char_delta_vs_text_pct": 0.0,
      "elapsed_delta_vs_text_pct": 0.0,
      "memory_hit_delta_vs_text": 0.0,
      "memory_graph_hit_delta_vs_text": 0.0,
      "state_transfer_delta_vs_text": 0.0
    },
    "structured_protocol": {
      "token_delta_vs_text_pct": -22.48,
      "total_token_delta_vs_text_pct": -20.08,
      "char_delta_vs_text_pct": -36.85,
      "elapsed_delta_vs_text_pct": -4.14,
      "memory_hit_delta_vs_text": 0.0,
      "memory_graph_hit_delta_vs_text": 0.0,
      "state_transfer_delta_vs_text": 0.0
    },
    "structured_state": {
      "token_delta_vs_text_pct": -17.61,
      "total_token_delta_vs_text_pct": -15.17,
      "char_delta_vs_text_pct": -35.51,
      "elapsed_delta_vs_text_pct": -6.21,
      "memory_hit_delta_vs_text": 0.0,
      "memory_graph_hit_delta_vs_text": 0.0,
      "state_transfer_delta_vs_text": 2.975
    },
    "structured_memory": {
      "token_delta_vs_text_pct": -17.65,
      "total_token_delta_vs_text_pct": -15.25,
      "char_delta_vs_text_pct": -37.16,
      "elapsed_delta_vs_text_pct": -7.04,
      "memory_hit_delta_vs_text": 0.975,
      "memory_graph_hit_delta_vs_text": 0.0,
      "state_transfer_delta_vs_text": 3.95
    },
    "structured_memory_graph": {
      "token_delta_vs_text_pct": -16.75,
      "total_token_delta_vs_text_pct": -14.35,
      "char_delta_vs_text_pct": -36.67,
      "elapsed_delta_vs_text_pct": -7.49,
      "memory_hit_delta_vs_text": 0.975,
      "memory_graph_hit_delta_vs_text": 0.975,
      "state_transfer_delta_vs_text": 3.95
    }
  },
  "marginal": {
    "text_baseline_to_structured_protocol": {
      "token_delta_pct": -22.48,
      "elapsed_delta_pct": -4.14,
      "memory_hit_delta": 0.0,
      "memory_graph_hit_delta": 0.0,
      "state_records_delta": 0,
      "memory_links_delta": 0.0
    },
    "structured_protocol_to_structured_state": {
      "token_delta_pct": 6.29,
      "elapsed_delta_pct": -2.17,
      "memory_hit_delta": 0.0,
      "memory_graph_hit_delta": 0.0,
      "state_records_delta": 80,
      "memory_links_delta": 0.0
    },
    "structured_state_to_structured_memory": {
      "token_delta_pct": -0.05,
      "elapsed_delta_pct": -0.88,
      "memory_hit_delta": 0.975,
      "memory_graph_hit_delta": 0.0,
      "state_records_delta": 0,
      "memory_links_delta": 0.0
    },
    "structured_memory_to_structured_memory_graph": {
      "token_delta_pct": 1.09,
      "elapsed_delta_pct": -0.49,
      "memory_hit_delta": 0.0,
      "memory_graph_hit_delta": 0.975,
      "state_records_delta": 0,
      "memory_links_delta": 1.5
    }
  }
}

Ablation JSON written to reports/ablation_results.json
Ablation report written to reports/ablation_report.txt
Mon Jun 29 02:02:22 PM CST 2026
